[36mvite v7.3.1 [32mbuilding client environment for production...[36m[39m
transforming...
[32mÔ£ô[39m 4 modules transformed.
Ô£ù Build failed in 243ms
error during build:
[@tailwindcss/vite:generate:build] Cannot apply unknown utility class `status-dot`
file: C:/repos/misc/mcp-fiddle/src/styles/globals.css
    at onInvalidCandidate (file:///C:/repos/misc/mcp-fiddle/node_modules/tailwindcss/dist/chunk-L5IEUH3R.mjs:21:1511)
    at $e (file:///C:/repos/misc/mcp-fiddle/node_modules/tailwindcss/dist/chunk-L5IEUH3R.mjs:16:36740)
    at file:///C:/repos/misc/mcp-fiddle/node_modules/tailwindcss/dist/chunk-L5IEUH3R.mjs:21:355
    at Ar (file:///C:/repos/misc/mcp-fiddle/node_modules/tailwindcss/dist/chunk-L5IEUH3R.mjs:3:1733)
    at I (file:///C:/repos/misc/mcp-fiddle/node_modules/tailwindcss/dist/chunk-L5IEUH3R.mjs:3:1377)
    at Ce (file:///C:/repos/misc/mcp-fiddle/node_modules/tailwindcss/dist/chunk-L5IEUH3R.mjs:21:172)
    at Gi (file:///C:/repos/misc/mcp-fiddle/node_modules/tailwindcss/dist/chunk-L5IEUH3R.mjs:38:294)
    at async ao (file:///C:/repos/misc/mcp-fiddle/node_modules/tailwindcss/dist/chunk-L5IEUH3R.mjs:38:631)
    at async vf (file:///C:/repos/misc/mcp-fiddle/node_modules/tailwindcss/dist/chunk-L5IEUH3R.mjs:38:1406)
    at async uu (file:///C:/repos/misc/mcp-fiddle/node_modules/@tailwindcss/node/dist/index.mjs:10:3458)
